$ python -m clmsynth.main Warnings_3xx/CLM-305.yaml
# exit code: 0

INFO - Starting Test Data Orchestrator...
INFO - Output directory: '{catalog}/_scratch/CLM-305'.
INFO - Available 'fabricated_data' dataset batteries:
INFO -   - 'fabricated': Offline fallback using engineered features + perfect-separation labels (fabricated_generator.py). No network, no mdcgenpy. (Examples: baseline_2class, baseline_4class)
INFO - Resolved 1 dataset(s) across 1 batter(y/ies) from source 'fabricated_data'.
INFO - Generating offline fabricated_data dataset 'baseline_4class' (n=800, seed=42)...
INFO - Generating synthetic data (Seed: 42)...
INFO - Applying perfect separation ground truth to categorical labels...
INFO - Generated fabricated_data 'baseline_4class': 800 rows, 6 feature(s), 1 labeling(s) (cluster ids 0..3).
WARNING - [CLM-305] competing_noise: cluster 0 has no unclaimed points (or share rounds to 0); entry {'cluster': 0, 'label': 1, 'share': 0.5, 'favors': 'random'} has no effect.
INFO - CLM labels generated. Target counts: [200, 200, 200, 200], achieved: [200, 200, 200, 200].
INFO - [fabricated_data/fabricated/baseline_4class] Attached generated label 'Label_0'.
INFO - Saved: _scratch/CLM-305/{run}/csv/fabricated_data__fabricated__baseline_4class.csv
INFO - Saved summary: _scratch/CLM-305/{run}/txt/fabricated_data__fabricated__baseline_4class.txt
INFO - Generating scatter plot for Feature_1 vs Feature_2...
INFO - Plot saved successfully to: '_scratch/CLM-305/{run}/png/fabricated_data__fabricated__baseline_4class__Cluster_0.png'
INFO - Generating scatter plot for Feature_1 vs Feature_2...
INFO - Plot saved successfully to: '_scratch/CLM-305/{run}/png/fabricated_data__fabricated__baseline_4class__Label_0.png'
INFO - Pipeline ready. 1 dataset(s) processed. Output folder: '_scratch/CLM-305/{run}'.
